\BOOKMARK [1][-]{section.1}{\376\377\000I\000n\000t\000r\000o\000d\000u\000c\000t\000i\000o\000n}{}% 1
\BOOKMARK [2][-]{subsection.1.1}{\376\377\000P\000u\000r\000p\000o\000s\000e}{section.1}% 2
\BOOKMARK [2][-]{subsection.1.2}{\376\377\000S\000c\000o\000p\000e}{section.1}% 3
\BOOKMARK [2][-]{subsection.1.3}{\376\377\000S\000y\000s\000t\000e\000m\000\040\000s\000u\000m\000m\000a\000r\000y}{section.1}% 4
\BOOKMARK [2][-]{subsection.1.4}{\376\377\000D\000o\000c\000u\000m\000e\000n\000t\000\040\000o\000r\000g\000a\000n\000i\000z\000a\000t\000i\000o\000n}{section.1}% 5
\BOOKMARK [1][-]{section.2}{\376\377\000P\000r\000o\000j\000e\000c\000t\000\040\000O\000v\000e\000r\000v\000i\000e\000w}{}% 6
\BOOKMARK [2][-]{subsection.2.1}{\376\377\000P\000r\000e\000s\000e\000n\000t\000a\000t\000i\000o\000n\000\040\000l\000a\000y\000e\000r\000\040\000d\000e\000s\000c\000r\000i\000p\000t\000i\000o\000n}{section.2}% 7
\BOOKMARK [2][-]{subsection.2.2}{\376\377\000A\000p\000p\000l\000i\000c\000a\000t\000i\000o\000n\000\040\000l\000a\000y\000e\000r\000\040\000d\000e\000s\000c\000r\000i\000p\000t\000i\000o\000n}{section.2}% 8
\BOOKMARK [2][-]{subsection.2.3}{\376\377\000P\000r\000o\000c\000e\000s\000s\000i\000n\000g\000\040\000l\000a\000y\000e\000r\000\040\000d\000e\000s\000c\000r\000i\000p\000t\000i\000o\000n}{section.2}% 9
\BOOKMARK [2][-]{subsection.2.4}{\376\377\000D\000a\000t\000a\000\040\000l\000a\000y\000e\000r\000\040\000d\000e\000s\000c\000r\000i\000p\000t\000i\000o\000n}{section.2}% 10
\BOOKMARK [2][-]{subsection.2.5}{\376\377\000H\000a\000r\000d\000w\000a\000r\000e\000\040\000l\000a\000y\000e\000r\000\040\000d\000e\000s\000c\000r\000i\000p\000t\000i\000o\000n}{section.2}% 11
\BOOKMARK [2][-]{subsection.2.6}{\376\377\000L\000a\000y\000e\000r\000e\000d\000\040\000a\000r\000c\000h\000i\000t\000e\000c\000t\000u\000r\000e\000\040\000f\000i\000g\000u\000r\000e}{section.2}% 12
\BOOKMARK [2][-]{subsection.2.7}{\376\377\000S\000y\000s\000t\000e\000m\000\040\000w\000o\000r\000k\000f\000l\000o\000w\000\040\000o\000v\000e\000r\000v\000i\000e\000w}{section.2}% 13
\BOOKMARK [1][-]{section.3}{\376\377\000S\000y\000s\000t\000e\000m\000\040\000D\000e\000s\000c\000r\000i\000p\000t\000i\000o\000n}{}% 14
\BOOKMARK [2][-]{subsection.3.1}{\376\377\000P\000r\000e\000s\000e\000n\000t\000a\000t\000i\000o\000n\000\040\000l\000a\000y\000e\000r\000\040\000c\000o\000m\000p\000o\000s\000i\000t\000i\000o\000n}{section.3}% 15
\BOOKMARK [2][-]{subsection.3.2}{\376\377\000A\000p\000p\000l\000i\000c\000a\000t\000i\000o\000n\000\040\000l\000a\000y\000e\000r\000\040\000c\000o\000m\000p\000o\000s\000i\000t\000i\000o\000n}{section.3}% 16
\BOOKMARK [2][-]{subsection.3.3}{\376\377\000P\000r\000o\000c\000e\000s\000s\000i\000n\000g\000\040\000l\000a\000y\000e\000r\000\040\000c\000o\000m\000p\000o\000s\000i\000t\000i\000o\000n}{section.3}% 17
\BOOKMARK [2][-]{subsection.3.4}{\376\377\000D\000a\000t\000a\000\040\000l\000a\000y\000e\000r\000\040\000c\000o\000m\000p\000o\000s\000i\000t\000i\000o\000n}{section.3}% 18
\BOOKMARK [2][-]{subsection.3.5}{\376\377\000H\000a\000r\000d\000w\000a\000r\000e\000\040\000l\000a\000y\000e\000r\000\040\000c\000o\000m\000p\000o\000s\000i\000t\000i\000o\000n}{section.3}% 19
\BOOKMARK [2][-]{subsection.3.6}{\376\377\000E\000n\000d\000-\000t\000o\000-\000e\000n\000d\000\040\000d\000a\000t\000a\000\040\000f\000l\000o\000w\000\040\000s\000u\000m\000m\000a\000r\000y}{section.3}% 20
\BOOKMARK [1][-]{section.4}{\376\377\000D\000a\000t\000a\000\040\000L\000a\000y\000e\000r\000\040\000S\000u\000b\000s\000y\000s\000t\000e\000m\000s}{}% 21
\BOOKMARK [2][-]{subsection.4.1}{\376\377\000W\000r\000i\000t\000e\000\040\000c\000o\000o\000r\000d\000i\000n\000a\000t\000i\000o\000n\000\040\000s\000u\000b\000s\000y\000s\000t\000e\000m}{section.4}% 22
\BOOKMARK [3][-]{subsubsection.4.1.1}{\376\377\000A\000s\000s\000u\000m\000p\000t\000i\000o\000n\000s}{subsection.4.1}% 23
\BOOKMARK [3][-]{subsubsection.4.1.2}{\376\377\000R\000e\000s\000p\000o\000n\000s\000i\000b\000i\000l\000i\000t\000i\000e\000s}{subsection.4.1}% 24
\BOOKMARK [3][-]{subsubsection.4.1.3}{\376\377\000S\000u\000b\000s\000y\000s\000t\000e\000m\000\040\000i\000n\000t\000e\000r\000f\000a\000c\000e\000s}{subsection.4.1}% 25
\BOOKMARK [2][-]{subsection.4.2}{\376\377\000I\000n\000t\000e\000g\000r\000i\000t\000y\000\040\000a\000n\000d\000\040\000c\000o\000n\000s\000t\000r\000a\000i\000n\000t\000\040\000e\000n\000f\000o\000r\000c\000e\000m\000e\000n\000t\000\040\000s\000u\000b\000s\000y\000s\000t\000e\000m}{section.4}% 26
\BOOKMARK [3][-]{subsubsection.4.2.1}{\376\377\000A\000s\000s\000u\000m\000p\000t\000i\000o\000n\000s}{subsection.4.2}% 27
\BOOKMARK [3][-]{subsubsection.4.2.2}{\376\377\000R\000e\000s\000p\000o\000n\000s\000i\000b\000i\000l\000i\000t\000i\000e\000s}{subsection.4.2}% 28
\BOOKMARK [3][-]{subsubsection.4.2.3}{\376\377\000S\000u\000b\000s\000y\000s\000t\000e\000m\000\040\000i\000n\000t\000e\000r\000f\000a\000c\000e\000s}{subsection.4.2}% 29
\BOOKMARK [2][-]{subsection.4.3}{\376\377\000Q\000u\000e\000r\000y\000\040\000a\000n\000d\000\040\000t\000r\000a\000n\000s\000a\000c\000t\000i\000o\000n\000\040\000e\000x\000e\000c\000u\000t\000i\000o\000n\000\040\000s\000u\000b\000s\000y\000s\000t\000e\000m}{section.4}% 30
\BOOKMARK [3][-]{subsubsection.4.3.1}{\376\377\000A\000s\000s\000u\000m\000p\000t\000i\000o\000n\000s}{subsection.4.3}% 31
\BOOKMARK [3][-]{subsubsection.4.3.2}{\376\377\000R\000e\000s\000p\000o\000n\000s\000i\000b\000i\000l\000i\000t\000i\000e\000s}{subsection.4.3}% 32
\BOOKMARK [3][-]{subsubsection.4.3.3}{\376\377\000S\000u\000b\000s\000y\000s\000t\000e\000m\000\040\000i\000n\000t\000e\000r\000f\000a\000c\000e\000s}{subsection.4.3}% 33
\BOOKMARK [2][-]{subsection.4.4}{\376\377\000P\000o\000s\000t\000g\000r\000e\000S\000Q\000L\000\040\000d\000o\000m\000a\000i\000n\000\040\000d\000a\000t\000a\000b\000a\000s\000e\000\040\000s\000u\000b\000s\000y\000s\000t\000e\000m}{section.4}% 34
\BOOKMARK [3][-]{subsubsection.4.4.1}{\376\377\000A\000s\000s\000u\000m\000p\000t\000i\000o\000n\000s}{subsection.4.4}% 35
\BOOKMARK [3][-]{subsubsection.4.4.2}{\376\377\000R\000e\000s\000p\000o\000n\000s\000i\000b\000i\000l\000i\000t\000i\000e\000s}{subsection.4.4}% 36
\BOOKMARK [3][-]{subsubsection.4.4.3}{\376\377\000S\000u\000b\000s\000y\000s\000t\000e\000m\000\040\000i\000n\000t\000e\000r\000f\000a\000c\000e\000s}{subsection.4.4}% 37
\BOOKMARK [2][-]{subsection.4.5}{\376\377\000E\000d\000g\000e\000\040\000d\000o\000m\000a\000i\000n\000\040\000p\000e\000r\000s\000i\000s\000t\000e\000n\000c\000e\000\040\000s\000u\000b\000s\000y\000s\000t\000e\000m}{section.4}% 38
\BOOKMARK [3][-]{subsubsection.4.5.1}{\376\377\000A\000s\000s\000u\000m\000p\000t\000i\000o\000n\000s}{subsection.4.5}% 39
\BOOKMARK [3][-]{subsubsection.4.5.2}{\376\377\000R\000e\000s\000p\000o\000n\000s\000i\000b\000i\000l\000i\000t\000i\000e\000s}{subsection.4.5}% 40
\BOOKMARK [3][-]{subsubsection.4.5.3}{\376\377\000S\000u\000b\000s\000y\000s\000t\000e\000m\000\040\000i\000n\000t\000e\000r\000f\000a\000c\000e\000s}{subsection.4.5}% 41
\BOOKMARK [2][-]{subsection.4.6}{\376\377\000I\000m\000a\000g\000e\000\040\000a\000n\000d\000\040\000m\000e\000d\000i\000a\000\040\000s\000t\000o\000r\000a\000g\000e\000\040\000s\000u\000b\000s\000y\000s\000t\000e\000m}{section.4}% 42
\BOOKMARK [3][-]{subsubsection.4.6.1}{\376\377\000A\000s\000s\000u\000m\000p\000t\000i\000o\000n\000s}{subsection.4.6}% 43
\BOOKMARK [3][-]{subsubsection.4.6.2}{\376\377\000R\000e\000s\000p\000o\000n\000s\000i\000b\000i\000l\000i\000t\000i\000e\000s}{subsection.4.6}% 44
\BOOKMARK [3][-]{subsubsection.4.6.3}{\376\377\000S\000u\000b\000s\000y\000s\000t\000e\000m\000\040\000i\000n\000t\000e\000r\000f\000a\000c\000e\000s}{subsection.4.6}% 45
\BOOKMARK [1][-]{section.5}{\376\377\000P\000r\000e\000s\000e\000n\000t\000a\000t\000i\000o\000n\000\040\000L\000a\000y\000e\000r\000\040\000S\000u\000b\000s\000y\000s\000t\000e\000m\000s}{}% 46
\BOOKMARK [2][-]{subsection.5.1}{\376\377\000A\000u\000t\000h\000e\000n\000t\000i\000c\000a\000t\000i\000o\000n\000\040\000a\000n\000d\000\040\000s\000e\000s\000s\000i\000o\000n\000\040\000U\000I\000\040\000s\000u\000b\000s\000y\000s\000t\000e\000m}{section.5}% 47
\BOOKMARK [3][-]{subsubsection.5.1.1}{\376\377\000A\000s\000s\000u\000m\000p\000t\000i\000o\000n\000s}{subsection.5.1}% 48
\BOOKMARK [3][-]{subsubsection.5.1.2}{\376\377\000R\000e\000s\000p\000o\000n\000s\000i\000b\000i\000l\000i\000t\000i\000e\000s}{subsection.5.1}% 49
\BOOKMARK [3][-]{subsubsection.5.1.3}{\376\377\000S\000u\000b\000s\000y\000s\000t\000e\000m\000\040\000i\000n\000t\000e\000r\000f\000a\000c\000e\000s}{subsection.5.1}% 50
\BOOKMARK [2][-]{subsection.5.2}{\376\377\000D\000a\000s\000h\000b\000o\000a\000r\000d\000\040\000a\000n\000d\000\040\000o\000v\000e\000r\000v\000i\000e\000w\000\040\000s\000u\000b\000s\000y\000s\000t\000e\000m}{section.5}% 51
\BOOKMARK [3][-]{subsubsection.5.2.1}{\376\377\000A\000s\000s\000u\000m\000p\000t\000i\000o\000n\000s}{subsection.5.2}% 52
\BOOKMARK [3][-]{subsubsection.5.2.2}{\376\377\000R\000e\000s\000p\000o\000n\000s\000i\000b\000i\000l\000i\000t\000i\000e\000s}{subsection.5.2}% 53
\BOOKMARK [3][-]{subsubsection.5.2.3}{\376\377\000S\000u\000b\000s\000y\000s\000t\000e\000m\000\040\000i\000n\000t\000e\000r\000f\000a\000c\000e\000s}{subsection.5.2}% 54
\BOOKMARK [2][-]{subsection.5.3}{\376\377\000T\000r\000a\000y\000\040\000m\000o\000n\000i\000t\000o\000r\000i\000n\000g\000\040\000c\000o\000n\000s\000o\000l\000e\000\040\000s\000u\000b\000s\000y\000s\000t\000e\000m}{section.5}% 55
\BOOKMARK [3][-]{subsubsection.5.3.1}{\376\377\000A\000s\000s\000u\000m\000p\000t\000i\000o\000n\000s}{subsection.5.3}% 56
\BOOKMARK [3][-]{subsubsection.5.3.2}{\376\377\000R\000e\000s\000p\000o\000n\000s\000i\000b\000i\000l\000i\000t\000i\000e\000s}{subsection.5.3}% 57
\BOOKMARK [3][-]{subsubsection.5.3.3}{\376\377\000S\000u\000b\000s\000y\000s\000t\000e\000m\000\040\000i\000n\000t\000e\000r\000f\000a\000c\000e\000s}{subsection.5.3}% 58
\BOOKMARK [2][-]{subsection.5.4}{\376\377\000P\000l\000a\000n\000t\000\040\000d\000e\000t\000a\000i\000l\000\040\000a\000n\000d\000\040\000h\000e\000a\000l\000t\000h\000\040\000h\000i\000s\000t\000o\000r\000y\000\040\000s\000u\000b\000s\000y\000s\000t\000e\000m}{section.5}% 59
\BOOKMARK [3][-]{subsubsection.5.4.1}{\376\377\000A\000s\000s\000u\000m\000p\000t\000i\000o\000n\000s}{subsection.5.4}% 60
\BOOKMARK [3][-]{subsubsection.5.4.2}{\376\377\000R\000e\000s\000p\000o\000n\000s\000i\000b\000i\000l\000i\000t\000i\000e\000s}{subsection.5.4}% 61
\BOOKMARK [3][-]{subsubsection.5.4.3}{\376\377\000S\000u\000b\000s\000y\000s\000t\000e\000m\000\040\000i\000n\000t\000e\000r\000f\000a\000c\000e\000s}{subsection.5.4}% 62
\BOOKMARK [2][-]{subsection.5.5}{\376\377\000M\000e\000s\000h\000\040\000a\000n\000d\000\040\000t\000o\000p\000o\000l\000o\000g\000y\000\040\000s\000u\000b\000s\000y\000s\000t\000e\000m}{section.5}% 63
\BOOKMARK [3][-]{subsubsection.5.5.1}{\376\377\000A\000s\000s\000u\000m\000p\000t\000i\000o\000n\000s}{subsection.5.5}% 64
\BOOKMARK [3][-]{subsubsection.5.5.2}{\376\377\000R\000e\000s\000p\000o\000n\000s\000i\000b\000i\000l\000i\000t\000i\000e\000s}{subsection.5.5}% 65
\BOOKMARK [3][-]{subsubsection.5.5.3}{\376\377\000S\000u\000b\000s\000y\000s\000t\000e\000m\000\040\000i\000n\000t\000e\000r\000f\000a\000c\000e\000s}{subsection.5.5}% 66
\BOOKMARK [2][-]{subsection.5.6}{\376\377\000S\000c\000h\000e\000d\000u\000l\000e\000\040\000m\000a\000n\000a\000g\000e\000m\000e\000n\000t\000\040\000s\000u\000b\000s\000y\000s\000t\000e\000m}{section.5}% 67
\BOOKMARK [3][-]{subsubsection.5.6.1}{\376\377\000A\000s\000s\000u\000m\000p\000t\000i\000o\000n\000s}{subsection.5.6}% 68
\BOOKMARK [3][-]{subsubsection.5.6.2}{\376\377\000R\000e\000s\000p\000o\000n\000s\000i\000b\000i\000l\000i\000t\000i\000e\000s}{subsection.5.6}% 69
\BOOKMARK [3][-]{subsubsection.5.6.3}{\376\377\000S\000u\000b\000s\000y\000s\000t\000e\000m\000\040\000i\000n\000t\000e\000r\000f\000a\000c\000e\000s}{subsection.5.6}% 70
\BOOKMARK [2][-]{subsection.5.7}{\376\377\000D\000e\000v\000i\000c\000e\000s\000\040\000U\000I\000\040\000s\000u\000b\000s\000y\000s\000t\000e\000m}{section.5}% 71
\BOOKMARK [3][-]{subsubsection.5.7.1}{\376\377\000A\000s\000s\000u\000m\000p\000t\000i\000o\000n\000s}{subsection.5.7}% 72
\BOOKMARK [3][-]{subsubsection.5.7.2}{\376\377\000R\000e\000s\000p\000o\000n\000s\000i\000b\000i\000l\000i\000t\000i\000e\000s}{subsection.5.7}% 73
\BOOKMARK [3][-]{subsubsection.5.7.3}{\376\377\000S\000u\000b\000s\000y\000s\000t\000e\000m\000\040\000i\000n\000t\000e\000r\000f\000a\000c\000e\000s}{subsection.5.7}% 74
\BOOKMARK [2][-]{subsection.5.8}{\376\377\000T\000r\000a\000y\000\040\000R\000a\000s\000p\000b\000e\000r\000r\000y\000\040\000P\000i\000\040\000p\000a\000n\000e\000l\000\040\000a\000n\000d\000\040\000T\000a\000k\000e\000\040\000P\000i\000c\000t\000u\000r\000e\000\040\000s\000u\000b\000s\000y\000s\000t\000e\000m}{section.5}% 75
\BOOKMARK [3][-]{subsubsection.5.8.1}{\376\377\000A\000s\000s\000u\000m\000p\000t\000i\000o\000n\000s}{subsection.5.8}% 76
\BOOKMARK [3][-]{subsubsection.5.8.2}{\376\377\000R\000e\000s\000p\000o\000n\000s\000i\000b\000i\000l\000i\000t\000i\000e\000s}{subsection.5.8}% 77
\BOOKMARK [3][-]{subsubsection.5.8.3}{\376\377\000S\000u\000b\000s\000y\000s\000t\000e\000m\000\040\000i\000n\000t\000e\000r\000f\000a\000c\000e\000s}{subsection.5.8}% 78
\BOOKMARK [1][-]{section.6}{\376\377\000A\000p\000p\000l\000i\000c\000a\000t\000i\000o\000n\000\040\000L\000a\000y\000e\000r\000\040\000S\000u\000b\000s\000y\000s\000t\000e\000m\000s}{}% 79
\BOOKMARK [2][-]{subsection.6.1}{\376\377\000A\000P\000I\000\040\000e\000n\000t\000r\000y\000\040\000a\000n\000d\000\040\000r\000o\000u\000t\000i\000n\000g\000\040\000s\000u\000b\000s\000y\000s\000t\000e\000m}{section.6}% 80
\BOOKMARK [3][-]{subsubsection.6.1.1}{\376\377\000A\000s\000s\000u\000m\000p\000t\000i\000o\000n\000s}{subsection.6.1}% 81
\BOOKMARK [3][-]{subsubsection.6.1.2}{\376\377\000R\000e\000s\000p\000o\000n\000s\000i\000b\000i\000l\000i\000t\000i\000e\000s}{subsection.6.1}% 82
\BOOKMARK [3][-]{subsubsection.6.1.3}{\376\377\000S\000u\000b\000s\000y\000s\000t\000e\000m\000\040\000i\000n\000t\000e\000r\000f\000a\000c\000e\000s}{subsection.6.1}% 83
\BOOKMARK [2][-]{subsection.6.2}{\376\377\000S\000e\000s\000s\000i\000o\000n\000\040\000a\000n\000d\000\040\000a\000u\000t\000h\000e\000n\000t\000i\000c\000a\000t\000i\000o\000n\000\040\000b\000r\000o\000k\000e\000r\000\040\000s\000u\000b\000s\000y\000s\000t\000e\000m}{section.6}% 84
\BOOKMARK [3][-]{subsubsection.6.2.1}{\376\377\000A\000s\000s\000u\000m\000p\000t\000i\000o\000n\000s}{subsection.6.2}% 85
\BOOKMARK [3][-]{subsubsection.6.2.2}{\376\377\000R\000e\000s\000p\000o\000n\000s\000i\000b\000i\000l\000i\000t\000i\000e\000s}{subsection.6.2}% 86
\BOOKMARK [3][-]{subsubsection.6.2.3}{\376\377\000S\000u\000b\000s\000y\000s\000t\000e\000m\000\040\000i\000n\000t\000e\000r\000f\000a\000c\000e\000s}{subsection.6.2}% 87
\BOOKMARK [2][-]{subsection.6.3}{\376\377\000I\000n\000p\000u\000t\000\040\000v\000a\000l\000i\000d\000a\000t\000i\000o\000n\000\040\000s\000u\000b\000s\000y\000s\000t\000e\000m}{section.6}% 88
\BOOKMARK [3][-]{subsubsection.6.3.1}{\376\377\000A\000s\000s\000u\000m\000p\000t\000i\000o\000n\000s}{subsection.6.3}% 89
\BOOKMARK [3][-]{subsubsection.6.3.2}{\376\377\000R\000e\000s\000p\000o\000n\000s\000i\000b\000i\000l\000i\000t\000i\000e\000s}{subsection.6.3}% 90
\BOOKMARK [3][-]{subsubsection.6.3.3}{\376\377\000S\000u\000b\000s\000y\000s\000t\000e\000m\000\040\000i\000n\000t\000e\000r\000f\000a\000c\000e\000s}{subsection.6.3}% 91
\BOOKMARK [2][-]{subsection.6.4}{\376\377\000D\000o\000m\000a\000i\000n\000\040\000o\000r\000c\000h\000e\000s\000t\000r\000a\000t\000i\000o\000n\000\040\000s\000u\000b\000s\000y\000s\000t\000e\000m}{section.6}% 92
\BOOKMARK [3][-]{subsubsection.6.4.1}{\376\377\000A\000s\000s\000u\000m\000p\000t\000i\000o\000n\000s}{subsection.6.4}% 93
\BOOKMARK [3][-]{subsubsection.6.4.2}{\376\377\000R\000e\000s\000p\000o\000n\000s\000i\000b\000i\000l\000i\000t\000i\000e\000s}{subsection.6.4}% 94
\BOOKMARK [3][-]{subsubsection.6.4.3}{\376\377\000S\000u\000b\000s\000y\000s\000t\000e\000m\000\040\000i\000n\000t\000e\000r\000f\000a\000c\000e\000s}{subsection.6.4}% 95
\BOOKMARK [2][-]{subsection.6.5}{\376\377\000G\000r\000a\000p\000h\000Q\000L\000\040\000q\000u\000e\000r\000y\000\040\000a\000n\000d\000\040\000m\000u\000t\000a\000t\000i\000o\000n\000\040\000f\000a\000c\000a\000d\000e\000\040\000s\000u\000b\000s\000y\000s\000t\000e\000m}{section.6}% 96
\BOOKMARK [3][-]{subsubsection.6.5.1}{\376\377\000A\000s\000s\000u\000m\000p\000t\000i\000o\000n\000s}{subsection.6.5}% 97
\BOOKMARK [3][-]{subsubsection.6.5.2}{\376\377\000R\000e\000s\000p\000o\000n\000s\000i\000b\000i\000l\000i\000t\000i\000e\000s}{subsection.6.5}% 98
\BOOKMARK [3][-]{subsubsection.6.5.3}{\376\377\000S\000u\000b\000s\000y\000s\000t\000e\000m\000\040\000i\000n\000t\000e\000r\000f\000a\000c\000e\000s}{subsection.6.5}% 99
\BOOKMARK [2][-]{subsection.6.6}{\376\377\000R\000e\000s\000p\000o\000n\000s\000e\000\040\000a\000n\000d\000\040\000e\000r\000r\000o\000r\000\040\000h\000a\000n\000d\000l\000i\000n\000g\000\040\000s\000u\000b\000s\000y\000s\000t\000e\000m}{section.6}% 100
\BOOKMARK [3][-]{subsubsection.6.6.1}{\376\377\000A\000s\000s\000u\000m\000p\000t\000i\000o\000n\000s}{subsection.6.6}% 101
\BOOKMARK [3][-]{subsubsection.6.6.2}{\376\377\000R\000e\000s\000p\000o\000n\000s\000i\000b\000i\000l\000i\000t\000i\000e\000s}{subsection.6.6}% 102
\BOOKMARK [3][-]{subsubsection.6.6.3}{\376\377\000S\000u\000b\000s\000y\000s\000t\000e\000m\000\040\000i\000n\000t\000e\000r\000f\000a\000c\000e\000s}{subsection.6.6}% 103
\BOOKMARK [2][-]{subsection.6.7}{\376\377\000R\000a\000s\000p\000b\000e\000r\000r\000y\000\040\000P\000i\000\040\000e\000d\000g\000e\000\040\000A\000P\000I\000\040\000s\000u\000b\000s\000y\000s\000t\000e\000m}{section.6}% 104
\BOOKMARK [3][-]{subsubsection.6.7.1}{\376\377\000A\000s\000s\000u\000m\000p\000t\000i\000o\000n\000s}{subsection.6.7}% 105
\BOOKMARK [3][-]{subsubsection.6.7.2}{\376\377\000R\000e\000s\000p\000o\000n\000s\000i\000b\000i\000l\000i\000t\000i\000e\000s}{subsection.6.7}% 106
\BOOKMARK [3][-]{subsubsection.6.7.3}{\376\377\000S\000u\000b\000s\000y\000s\000t\000e\000m\000\040\000i\000n\000t\000e\000r\000f\000a\000c\000e\000s}{subsection.6.7}% 107
\BOOKMARK [2][-]{subsection.6.8}{\376\377\000O\000p\000e\000r\000a\000t\000o\000r\000\040\000d\000e\000v\000i\000c\000e\000s\000\040\000A\000P\000I\000\040\000s\000u\000b\000s\000y\000s\000t\000e\000m}{section.6}% 108
\BOOKMARK [3][-]{subsubsection.6.8.1}{\376\377\000A\000s\000s\000u\000m\000p\000t\000i\000o\000n\000s}{subsection.6.8}% 109
\BOOKMARK [3][-]{subsubsection.6.8.2}{\376\377\000R\000e\000s\000p\000o\000n\000s\000i\000b\000i\000l\000i\000t\000i\000e\000s}{subsection.6.8}% 110
\BOOKMARK [3][-]{subsubsection.6.8.3}{\376\377\000S\000u\000b\000s\000y\000s\000t\000e\000m\000\040\000i\000n\000t\000e\000r\000f\000a\000c\000e\000s}{subsection.6.8}% 111
\BOOKMARK [1][-]{section.7}{\376\377\000P\000r\000o\000c\000e\000s\000s\000i\000n\000g\000\040\000L\000a\000y\000e\000r\000\040\000S\000u\000b\000s\000y\000s\000t\000e\000m\000s}{}% 112
\BOOKMARK [2][-]{subsection.7.1}{\376\377\000S\000p\000e\000c\000i\000e\000s\000\040\000a\000n\000d\000\040\000l\000e\000a\000f\000\040\000i\000n\000f\000e\000r\000e\000n\000c\000e\000\040\000a\000d\000a\000p\000t\000e\000r\000\040\000s\000u\000b\000s\000y\000s\000t\000e\000m}{section.7}% 113
\BOOKMARK [3][-]{subsubsection.7.1.1}{\376\377\000A\000s\000s\000u\000m\000p\000t\000i\000o\000n\000s}{subsection.7.1}% 114
\BOOKMARK [3][-]{subsubsection.7.1.2}{\376\377\000R\000e\000s\000p\000o\000n\000s\000i\000b\000i\000l\000i\000t\000i\000e\000s}{subsection.7.1}% 115
\BOOKMARK [3][-]{subsubsection.7.1.3}{\376\377\000S\000u\000b\000s\000y\000s\000t\000e\000m\000\040\000i\000n\000t\000e\000r\000f\000a\000c\000e\000s}{subsection.7.1}% 116
\BOOKMARK [2][-]{subsection.7.2}{\376\377\000T\000r\000a\000y\000\040\000v\000i\000s\000i\000o\000n\000\040\000a\000n\000d\000\040\000l\000a\000y\000o\000u\000t\000\040\000a\000d\000a\000p\000t\000e\000r\000\040\000s\000u\000b\000s\000y\000s\000t\000e\000m}{section.7}% 117
\BOOKMARK [3][-]{subsubsection.7.2.1}{\376\377\000A\000s\000s\000u\000m\000p\000t\000i\000o\000n\000s}{subsection.7.2}% 118
\BOOKMARK [3][-]{subsubsection.7.2.2}{\376\377\000R\000e\000s\000p\000o\000n\000s\000i\000b\000i\000l\000i\000t\000i\000e\000s}{subsection.7.2}% 119
\BOOKMARK [3][-]{subsubsection.7.2.3}{\376\377\000S\000u\000b\000s\000y\000s\000t\000e\000m\000\040\000i\000n\000t\000e\000r\000f\000a\000c\000e\000s}{subsection.7.2}% 120
\BOOKMARK [2][-]{subsection.7.3}{\376\377\000I\000n\000f\000e\000r\000e\000n\000c\000e\000\040\000n\000o\000r\000m\000a\000l\000i\000z\000a\000t\000i\000o\000n\000\040\000s\000u\000b\000s\000y\000s\000t\000e\000m}{section.7}% 121
\BOOKMARK [3][-]{subsubsection.7.3.1}{\376\377\000A\000s\000s\000u\000m\000p\000t\000i\000o\000n\000s}{subsection.7.3}% 122
\BOOKMARK [3][-]{subsubsection.7.3.2}{\376\377\000R\000e\000s\000p\000o\000n\000s\000i\000b\000i\000l\000i\000t\000i\000e\000s}{subsection.7.3}% 123
\BOOKMARK [3][-]{subsubsection.7.3.3}{\376\377\000S\000u\000b\000s\000y\000s\000t\000e\000m\000\040\000i\000n\000t\000e\000r\000f\000a\000c\000e\000s}{subsection.7.3}% 124
\BOOKMARK [2][-]{subsection.7.4}{\376\377\000E\000d\000g\000e\000\040\000d\000i\000s\000e\000a\000s\000e\000\040\000h\000o\000o\000k\000\040\000s\000u\000b\000s\000y\000s\000t\000e\000m}{section.7}% 125
\BOOKMARK [3][-]{subsubsection.7.4.1}{\376\377\000A\000s\000s\000u\000m\000p\000t\000i\000o\000n\000s}{subsection.7.4}% 126
\BOOKMARK [3][-]{subsubsection.7.4.2}{\376\377\000R\000e\000s\000p\000o\000n\000s\000i\000b\000i\000l\000i\000t\000i\000e\000s}{subsection.7.4}% 127
\BOOKMARK [3][-]{subsubsection.7.4.3}{\376\377\000S\000u\000b\000s\000y\000s\000t\000e\000m\000\040\000i\000n\000t\000e\000r\000f\000a\000c\000e\000s}{subsection.7.4}% 128
\BOOKMARK [2][-]{subsection.7.5}{\376\377\000C\000a\000p\000t\000u\000r\000e\000\040\000s\000c\000h\000e\000d\000u\000l\000e\000\040\000r\000u\000n\000n\000e\000r\000\040\000s\000u\000b\000s\000y\000s\000t\000e\000m}{section.7}% 129
\BOOKMARK [3][-]{subsubsection.7.5.1}{\376\377\000A\000s\000s\000u\000m\000p\000t\000i\000o\000n\000s}{subsection.7.5}% 130
\BOOKMARK [3][-]{subsubsection.7.5.2}{\376\377\000R\000e\000s\000p\000o\000n\000s\000i\000b\000i\000l\000i\000t\000i\000e\000s}{subsection.7.5}% 131
\BOOKMARK [3][-]{subsubsection.7.5.3}{\376\377\000S\000u\000b\000s\000y\000s\000t\000e\000m\000\040\000i\000n\000t\000e\000r\000f\000a\000c\000e\000s}{subsection.7.5}% 132
\BOOKMARK [1][-]{section.8}{\376\377\000H\000a\000r\000d\000w\000a\000r\000e\000\040\000L\000a\000y\000e\000r\000\040\000S\000u\000b\000s\000y\000s\000t\000e\000m\000s}{}% 133
\BOOKMARK [2][-]{subsection.8.1}{\376\377\000R\000a\000s\000p\000b\000e\000r\000r\000y\000\040\000P\000i\000\040\000e\000d\000g\000e\000\040\000h\000o\000s\000t\000\040\000s\000u\000b\000s\000y\000s\000t\000e\000m}{section.8}% 134
\BOOKMARK [3][-]{subsubsection.8.1.1}{\376\377\000A\000s\000s\000u\000m\000p\000t\000i\000o\000n\000s}{subsection.8.1}% 135
\BOOKMARK [3][-]{subsubsection.8.1.2}{\376\377\000R\000e\000s\000p\000o\000n\000s\000i\000b\000i\000l\000i\000t\000i\000e\000s}{subsection.8.1}% 136
\BOOKMARK [3][-]{subsubsection.8.1.3}{\376\377\000S\000u\000b\000s\000y\000s\000t\000e\000m\000\040\000i\000n\000t\000e\000r\000f\000a\000c\000e\000s}{subsection.8.1}% 137
\BOOKMARK [2][-]{subsection.8.2}{\376\377\000K\000l\000i\000p\000p\000e\000r\000\040\000/\000\040\000f\000s\000w\000e\000b\000c\000a\000m\000\040\000c\000a\000p\000t\000u\000r\000e\000\040\000s\000u\000b\000s\000y\000s\000t\000e\000m}{section.8}% 138
\BOOKMARK [3][-]{subsubsection.8.2.1}{\376\377\000A\000s\000s\000u\000m\000p\000t\000i\000o\000n\000s}{subsection.8.2}% 139
\BOOKMARK [3][-]{subsubsection.8.2.2}{\376\377\000R\000e\000s\000p\000o\000n\000s\000i\000b\000i\000l\000i\000t\000i\000e\000s}{subsection.8.2}% 140
\BOOKMARK [3][-]{subsubsection.8.2.3}{\376\377\000S\000u\000b\000s\000y\000s\000t\000e\000m\000\040\000i\000n\000t\000e\000r\000f\000a\000c\000e\000s}{subsection.8.2}% 141
\BOOKMARK [2][-]{subsection.8.3}{\376\377\000a\000g\000r\000i\000h\000o\000m\000e\000\137\000a\000g\000e\000n\000t\000\040\000b\000r\000i\000d\000g\000e\000\040\000s\000u\000b\000s\000y\000s\000t\000e\000m}{section.8}% 142
\BOOKMARK [3][-]{subsubsection.8.3.1}{\376\377\000A\000s\000s\000u\000m\000p\000t\000i\000o\000n\000s}{subsection.8.3}% 143
\BOOKMARK [3][-]{subsubsection.8.3.2}{\376\377\000R\000e\000s\000p\000o\000n\000s\000i\000b\000i\000l\000i\000t\000i\000e\000s}{subsection.8.3}% 144
\BOOKMARK [3][-]{subsubsection.8.3.3}{\376\377\000S\000u\000b\000s\000y\000s\000t\000e\000m\000\040\000i\000n\000t\000e\000r\000f\000a\000c\000e\000s}{subsection.8.3}% 145
\BOOKMARK [1][-]{section*.1}{\376\377\000R\000e\000f\000e\000r\000e\000n\000c\000e\000s}{}% 146
